[0m[32mDownload[0m https://registry.npmjs.org/playwright
[0m[32mDownload[0m https://registry.npmjs.org/playwright-core
[0m[32mDownload[0m https://registry.npmjs.org/jimp
[0m[32mDownload[0m https://registry.npmjs.org/@jimp%2fcore
[0m[32mDownload[0m https://registry.npmjs.org/@jimp%2fdiff
[0m[32mDownload[0m https://registry.npmjs.org/@jimp%2fjs-bmp
[0m[32mDownload[0m https://registry.npmjs.org/@jimp%2fjs-gif
[0m[32mDownload[0m https://registry.npmjs.org/@jimp%2fjs-jpeg
[0m[32mDownload[0m https://registry.npmjs.org/@jimp%2fjs-png
[0m[32mDownload[0m https://registry.npmjs.org/@jimp%2fjs-tiff
[0m[32mDownload[0m https://registry.npmjs.org/@jimp%2fplugin-blit
[0m[32mDownload[0m https://registry.npmjs.org/@jimp%2fplugin-blur
[0m[32mDownload[0m https://registry.npmjs.org/@jimp%2fplugin-circle
[0m[32mDownload[0m https://registry.npmjs.org/@jimp%2fplugin-color
[0m[32mDownload[0m https://registry.npmjs.org/@jimp%2fplugin-contain
[0m[32mDownload[0m https://registry.npmjs.org/@jimp%2fplugin-cover
[0m[32mDownload[0m https://registry.npmjs.org/@jimp%2fplugin-crop
[0m[32mDownload[0m https://registry.npmjs.org/@jimp%2fplugin-displace
[0m[32mDownload[0m https://registry.npmjs.org/@jimp%2fplugin-dither
[0m[32mDownload[0m https://registry.npmjs.org/@jimp%2fplugin-fisheye
[0m[32mDownload[0m https://registry.npmjs.org/@jimp%2fplugin-flip
[0m[32mDownload[0m https://registry.npmjs.org/@jimp%2fplugin-hash
[0m[32mDownload[0m https://registry.npmjs.org/@jimp%2fplugin-mask
[0m[32mDownload[0m https://registry.npmjs.org/@jimp%2fplugin-print
[0m[32mDownload[0m https://registry.npmjs.org/@jimp%2fplugin-quantize
[0m[32mDownload[0m https://registry.npmjs.org/@jimp%2fplugin-resize
[0m[32mDownload[0m https://registry.npmjs.org/@jimp%2fplugin-rotate
[0m[32mDownload[0m https://registry.npmjs.org/@jimp%2fplugin-threshold
[0m[32mDownload[0m https://registry.npmjs.org/@jimp%2ftypes
[0m[32mDownload[0m https://registry.npmjs.org/@jimp%2futils
[0m[32mDownload[0m https://registry.npmjs.org/pixelmatch
[0m[32mDownload[0m https://registry.npmjs.org/bmp-ts
[0m[32mDownload[0m https://registry.npmjs.org/gifwrap
[0m[32mDownload[0m https://registry.npmjs.org/omggif
[0m[32mDownload[0m https://registry.npmjs.org/pngjs
[0m[32mDownload[0m https://registry.npmjs.org/jpeg-js
[0m[32mDownload[0m https://registry.npmjs.org/image-q
[0m[32mDownload[0m https://registry.npmjs.org/zod
[0m[32mDownload[0m https://registry.npmjs.org/utif2
[0m[32mDownload[0m https://registry.npmjs.org/any-base
[0m[32mDownload[0m https://registry.npmjs.org/@jimp%2ffile-ops
[0m[32mDownload[0m https://registry.npmjs.org/await-to-js
[0m[32mDownload[0m https://registry.npmjs.org/exif-parser
[0m[32mDownload[0m https://registry.npmjs.org/file-type
[0m[32mDownload[0m https://registry.npmjs.org/mime
[0m[32mDownload[0m https://registry.npmjs.org/pako
[0m[32mDownload[0m https://registry.npmjs.org/@types%2fnode
[0m[32mDownload[0m https://registry.npmjs.org/parse-bmfont-ascii
[0m[32mDownload[0m https://registry.npmjs.org/parse-bmfont-binary
[0m[32mDownload[0m https://registry.npmjs.org/parse-bmfont-xml
[0m[32mDownload[0m https://registry.npmjs.org/simple-xml-to-json
[0m[32mDownload[0m https://registry.npmjs.org/tinycolor2
[0m[32mDownload[0m https://registry.npmjs.org/@tokenizer%2finflate
[0m[32mDownload[0m https://registry.npmjs.org/strtok3
[0m[32mDownload[0m https://registry.npmjs.org/token-types
[0m[32mDownload[0m https://registry.npmjs.org/uint8array-extras
[0m[32mDownload[0m https://registry.npmjs.org/xml-parse-from-string
[0m[32mDownload[0m https://registry.npmjs.org/xml2js
[0m[32mDownload[0m https://registry.npmjs.org/@borewit%2ftext-codec
[0m[32mDownload[0m https://registry.npmjs.org/@tokenizer%2ftoken
[0m[32mDownload[0m https://registry.npmjs.org/ieee754
[0m[32mDownload[0m https://registry.npmjs.org/debug
[0m[32mDownload[0m https://registry.npmjs.org/sax
[0m[32mDownload[0m https://registry.npmjs.org/xmlbuilder
[0m[32mDownload[0m https://registry.npmjs.org/ms
[0m[32mDownload[0m https://jsr.io/@std/http/1.1.3_meta.json
[0m[32mDownload[0m https://jsr.io/@std/http/1.1.3/deno.json
[0m[32mDownload[0m https://jsr.io/@std/fs/meta.json
[0m[32mDownload[0m https://jsr.io/@std/media-types/meta.json
[0m[32mDownload[0m https://jsr.io/@std/streams/meta.json
[0m[32mDownload[0m https://jsr.io/@std/cli/meta.json
[0m[32mDownload[0m https://jsr.io/@std/fmt/meta.json
[0m[32mDownload[0m https://jsr.io/@std/net/meta.json
[0m[32mDownload[0m https://jsr.io/@std/html/meta.json
[0m[32mDownload[0m https://jsr.io/@std/internal/meta.json
[0m[32mDownload[0m https://jsr.io/@denosaurs/plug/meta.json
[0m[32mDownload[0m https://jsr.io/@std/encoding/meta.json
[0m[32mDownload[0m https://jsr.io/@std/async/meta.json
[0m[32mDownload[0m https://jsr.io/@zip-js/zip-js/meta.json
[0m[32mDownload[0m https://jsr.io/@deno-library/progress/meta.json
[0m[32mDownload[0m https://jsr.io/@std/fs/1.0.24_meta.json
[0m[32mDownload[0m https://jsr.io/@std/media-types/1.1.0_meta.json
[0m[32mDownload[0m https://jsr.io/@std/streams/1.1.2_meta.json
[0m[32mDownload[0m https://jsr.io/@std/cli/1.0.32_meta.json
[0m[32mDownload[0m https://jsr.io/@std/fmt/1.0.10_meta.json
[0m[32mDownload[0m https://jsr.io/@std/net/1.0.6_meta.json
[0m[32mDownload[0m https://jsr.io/@std/html/1.0.7_meta.json
[0m[32mDownload[0m https://jsr.io/@std/internal/1.0.14_meta.json
[0m[32mDownload[0m https://jsr.io/@denosaurs/plug/1.1.0_meta.json
[0m[32mDownload[0m https://jsr.io/@std/encoding/1.0.11_meta.json
[0m[32mDownload[0m https://jsr.io/@std/async/1.5.0_meta.json
[0m[32mDownload[0m https://jsr.io/@zip-js/zip-js/2.14.1_meta.json
[0m[32mDownload[0m https://jsr.io/@deno-library/progress/1.5.1_meta.json
[0m[32mDownload[0m https://jsr.io/@std/io/meta.json
[0m[32mDownload[0m https://jsr.io/@std/fmt/1.0.3_meta.json
[0m[32mDownload[0m https://jsr.io/@std/io/0.225.0_meta.json
[0m[32mDownload[0m https://jsr.io/@deno/cache-dir/meta.json
[0m[32mDownload[0m https://jsr.io/@deno/cache-dir/0.22.2_meta.json
[0m[32mDownload[0m https://jsr.io/@deno/graph/meta.json
[0m[32mDownload[0m https://jsr.io/@deno/graph/0.86.9_meta.json
[0m[32mDownload[0m https://jsr.io/@std/bytes/meta.json
[0m[32mDownload[0m https://jsr.io/@std/bytes/1.0.6_meta.json
[0m[32mDownload[0m https://jsr.io/@std/http/1.1.3/file_server.ts
[0m[32mDownload[0m https://jsr.io/@std/path/1.1.6/mod.ts
[0m[32mDownload[0m https://jsr.io/@std/path/1.1.6/basename.ts
[0m[32mDownload[0m https://jsr.io/@std/path/1.1.6/common.ts
[0m[32mDownload[0m https://jsr.io/@std/path/1.1.6/constants.ts
[0m[32mDownload[0m https://jsr.io/@std/path/1.1.6/dirname.ts
[0m[32mDownload[0m https://jsr.io/@std/path/1.1.6/extname.ts
[0m[32mDownload[0m https://jsr.io/@std/path/1.1.6/format.ts
[0m[32mDownload[0m https://jsr.io/@std/path/1.1.6/from_file_url.ts
[0m[32mDownload[0m https://jsr.io/@std/path/1.1.6/glob_to_regexp.ts
[0m[32mDownload[0m https://jsr.io/@std/path/1.1.6/is_absolute.ts
[0m[32mDownload[0m https://jsr.io/@std/path/1.1.6/is_glob.ts
[0m[32mDownload[0m https://jsr.io/@std/path/1.1.6/join.ts
[0m[32mDownload[0m https://jsr.io/@std/path/1.1.6/join_globs.ts
[0m[32mDownload[0m https://jsr.io/@std/path/1.1.6/normalize.ts
[0m[32mDownload[0m https://jsr.io/@std/path/1.1.6/normalize_glob.ts
[0m[32mDownload[0m https://jsr.io/@std/path/1.1.6/parse.ts
[0m[32mDownload[0m https://jsr.io/@std/path/1.1.6/posix/mod.ts
[0m[32mDownload[0m https://jsr.io/@std/path/1.1.6/posix/basename.ts
[0m[32mDownload[0m https://jsr.io/@std/path/1.1.6/posix/common.ts
[0m[32mDownload[0m https://jsr.io/@std/path/1.1.6/posix/constants.ts
[0m[32mDownload[0m https://jsr.io/@std/path/1.1.6/posix/dirname.ts
[0m[32mDownload[0m https://jsr.io/@std/path/1.1.6/posix/extname.ts
[0m[32mDownload[0m https://jsr.io/@std/path/1.1.6/posix/format.ts
[0m[32mDownload[0m https://jsr.io/@std/path/1.1.6/posix/from_file_url.ts
[0m[32mDownload[0m https://jsr.io/@std/path/1.1.6/posix/glob_to_regexp.ts
[0m[32mDownload[0m https://jsr.io/@std/path/1.1.6/posix/is_absolute.ts
[0m[32mDownload[0m https://jsr.io/@std/path/1.1.6/posix/is_glob.ts
[0m[32mDownload[0m https://jsr.io/@std/path/1.1.6/posix/join.ts
[0m[32mDownload[0m https://jsr.io/@std/path/1.1.6/posix/join_globs.ts
[0m[32mDownload[0m https://jsr.io/@std/path/1.1.6/posix/normalize.ts
[0m[32mDownload[0m https://jsr.io/@std/path/1.1.6/posix/normalize_glob.ts
[0m[32mDownload[0m https://jsr.io/@std/path/1.1.6/posix/parse.ts
[0m[32mDownload[0m https://jsr.io/@std/path/1.1.6/posix/relative.ts
[0m[32mDownload[0m https://jsr.io/@std/path/1.1.6/posix/resolve.ts
[0m[32mDownload[0m https://jsr.io/@std/path/1.1.6/posix/to_file_url.ts
[0m[32mDownload[0m https://jsr.io/@std/path/1.1.6/posix/to_namespaced_path.ts
[0m[32mDownload[0m https://jsr.io/@std/path/1.1.6/relative.ts
[0m[32mDownload[0m https://jsr.io/@std/path/1.1.6/resolve.ts
[0m[32mDownload[0m https://jsr.io/@std/path/1.1.6/to_file_url.ts
[0m[32mDownload[0m https://jsr.io/@std/path/1.1.6/to_namespaced_path.ts
[0m[32mDownload[0m https://jsr.io/@std/path/1.1.6/types.ts
[0m[32mDownload[0m https://jsr.io/@std/path/1.1.6/windows/mod.ts
[0m[32mDownload[0m https://jsr.io/@std/path/1.1.6/windows/basename.ts
[0m[32mDownload[0m https://jsr.io/@std/path/1.1.6/windows/common.ts
[0m[32mDownload[0m https://jsr.io/@std/path/1.1.6/windows/constants.ts
[0m[32mDownload[0m https://jsr.io/@std/path/1.1.6/windows/dirname.ts
[0m[32mDownload[0m https://jsr.io/@std/path/1.1.6/windows/extname.ts
[0m[32mDownload[0m https://jsr.io/@std/path/1.1.6/windows/format.ts
[0m[32mDownload[0m https://jsr.io/@std/path/1.1.6/windows/from_file_url.ts
[0m[32mDownload[0m https://jsr.io/@std/path/1.1.6/windows/glob_to_regexp.ts
[0m[32mDownload[0m https://jsr.io/@std/path/1.1.6/windows/is_absolute.ts
[0m[32mDownload[0m https://jsr.io/@std/path/1.1.6/windows/is_glob.ts
[0m[32mDownload[0m https://jsr.io/@std/path/1.1.6/windows/join.ts
[0m[32mDownload[0m https://jsr.io/@std/path/1.1.6/windows/join_globs.ts
[0m[32mDownload[0m https://jsr.io/@std/path/1.1.6/windows/normalize.ts
[0m[32mDownload[0m https://jsr.io/@std/path/1.1.6/windows/normalize_glob.ts
[0m[32mDownload[0m https://jsr.io/@std/path/1.1.6/windows/parse.ts
[0m[32mDownload[0m https://jsr.io/@std/path/1.1.6/windows/relative.ts
[0m[32mDownload[0m https://jsr.io/@std/path/1.1.6/windows/resolve.ts
[0m[32mDownload[0m https://jsr.io/@std/path/1.1.6/windows/to_file_url.ts
[0m[32mDownload[0m https://jsr.io/@std/path/1.1.6/windows/to_namespaced_path.ts
[0m[32mDownload[0m https://jsr.io/@std/yaml/1.2.0/mod.ts
[0m[32mDownload[0m https://jsr.io/@std/yaml/1.2.0/parse.ts
[0m[32mDownload[0m https://jsr.io/@std/yaml/1.2.0/stringify.ts
[0m[32mDownload[0m https://jsr.io/@std/yaml/1.2.0/types.ts
[0m[32mDownload[0m https://jsr.io/@std/yaml/1.2.0/unstable_stringify.ts
[0m[32mDownload[0m https://jsr.io/@std/yaml/1.2.0/unstable_parse.ts
[0m[32mDownload[0m https://jsr.io/@b-fuze/deno-dom/0.1.56/deno-dom-wasm.ts
[0m[32mDownload[0m https://jsr.io/@b-fuze/deno-dom/0.1.56/deno-dom-wasm-legacy.ts
[0m[32mDownload[0m https://jsr.io/@b-fuze/deno-dom/0.1.56/deno-dom-wasm-noinit.ts
[0m[32mDownload[0m https://jsr.io/@b-fuze/deno-dom/0.1.56/deno-dom-native.ts
[0m[32mDownload[0m https://jsr.io/@astral/astral/0.5.6/mod.ts
[0m[32mDownload[0m https://jsr.io/@std/http/1.1.3/etag.ts
[0m[32mDownload[0m https://jsr.io/@std/http/1.1.3/status.ts
[0m[32mDownload[0m https://jsr.io/@std/http/1.1.3/unstable_header.ts
[0m[32mDownload[0m https://jsr.io/@std/http/1.1.3/unstable_method.ts
[0m[32mDownload[0m https://jsr.io/@std/path/1.1.6/_common/common.ts
[0m[32mDownload[0m https://jsr.io/@std/path/1.1.6/_common/glob_to_reg_exp.ts
[0m[32mDownload[0m https://jsr.io/@std/path/1.1.6/_common/basename.ts
[0m[32mDownload[0m https://jsr.io/@std/path/1.1.6/_common/strip_trailing_separators.ts
[0m[32mDownload[0m https://jsr.io/@std/path/1.1.6/posix/_util.ts
[0m[32mDownload[0m https://jsr.io/@std/path/1.1.6/_common/dirname.ts
[0m[32mDownload[0m https://jsr.io/@std/path/1.1.6/_common/constants.ts
[0m[32mDownload[0m https://jsr.io/@std/path/1.1.6/_common/assert_path.ts
[0m[32mDownload[0m https://jsr.io/@std/path/1.1.6/_common/format.ts
[0m[32mDownload[0m https://jsr.io/@std/path/1.1.6/_common/from_file_url.ts
[0m[32mDownload[0m https://jsr.io/@std/path/1.1.6/_common/normalize.ts
[0m[32mDownload[0m https://jsr.io/@std/path/1.1.6/_common/normalize_string.ts
[0m[32mDownload[0m https://jsr.io/@std/path/1.1.6/_common/relative.ts
[0m[32mDownload[0m https://jsr.io/@std/path/1.1.6/_common/env.ts
[0m[32mDownload[0m https://jsr.io/@std/path/1.1.6/_common/to_file_url.ts
[0m[32mDownload[0m https://jsr.io/@std/path/1.1.6/windows/_util.ts
[0m[32mDownload[0m https://jsr.io/@std/yaml/1.2.0/_chars.ts
[0m[32mDownload[0m https://jsr.io/@std/yaml/1.2.0/_loader_state.ts
[0m[32mDownload[0m https://jsr.io/@std/yaml/1.2.0/_schema.ts
[0m[32mDownload[0m https://jsr.io/@std/yaml/1.2.0/_dumper_state.ts
[0m[32mDownload[0m https://jsr.io/@std/yaml/1.2.0/_type.ts
[0m[32mDownload[0m https://jsr.io/@b-fuze/deno-dom/0.1.56/build/deno-wasm/deno-wasm-dynamic.js
[0m[32mDownload[0m https://jsr.io/@b-fuze/deno-dom/0.1.56/src/parser.ts
[0m[32mDownload[0m https://jsr.io/@b-fuze/deno-dom/0.1.56/src/api.ts
[0m[32mDownload[0m https://jsr.io/@b-fuze/deno-dom/0.1.56/build/deno-wasm/deno-wasm-legacy.js
[0m[32mDownload[0m https://jsr.io/@astral/astral/0.5.6/src/bin_args.ts
[0m[32mDownload[0m https://jsr.io/@astral/astral/0.5.6/src/browser.ts
[0m[32mDownload[0m https://jsr.io/@astral/astral/0.5.6/src/cache.ts
[0m[32mDownload[0m https://jsr.io/@astral/astral/0.5.6/src/dialog.ts
[0m[32mDownload[0m https://jsr.io/@astral/astral/0.5.6/src/element_handle.ts
[0m[32mDownload[0m https://jsr.io/@astral/astral/0.5.6/src/file_chooser.ts
[0m[32mDownload[0m https://jsr.io/@astral/astral/0.5.6/src/interceptor.ts
[0m[32mDownload[0m https://jsr.io/@astral/astral/0.5.6/src/locator.ts
[0m[32mDownload[0m https://jsr.io/@astral/astral/0.5.6/src/keyboard/mod.ts
[0m[32mDownload[0m https://jsr.io/@astral/astral/0.5.6/src/mouse.ts
[0m[32mDownload[0m https://jsr.io/@astral/astral/0.5.6/src/page.ts
[0m[32mDownload[0m https://jsr.io/@astral/astral/0.5.6/src/touchscreen.ts
[0m[32mDownload[0m https://jsr.io/@astral/astral/0.5.6/src/util.ts
[0m[32mDownload[0m https://jsr.io/@std/yaml/1.2.0/_utils.ts
[0m[32mDownload[0m https://jsr.io/@std/yaml/1.2.0/_type/binary.ts
[0m[32mDownload[0m https://jsr.io/@std/yaml/1.2.0/_type/bool.ts
[0m[32mDownload[0m https://jsr.io/@std/yaml/1.2.0/_type/float.ts
[0m[32mDownload[0m https://jsr.io/@std/yaml/1.2.0/_type/int.ts
[0m[32mDownload[0m https://jsr.io/@std/yaml/1.2.0/_type/map.ts
[0m[32mDownload[0m https://jsr.io/@std/yaml/1.2.0/_type/merge.ts
[0m[32mDownload[0m https://jsr.io/@std/yaml/1.2.0/_type/nil.ts
[0m[32mDownload[0m https://jsr.io/@std/yaml/1.2.0/_type/omap.ts
[0m[32mDownload[0m https://jsr.io/@std/yaml/1.2.0/_type/pairs.ts
[0m[32mDownload[0m https://jsr.io/@std/yaml/1.2.0/_type/regexp.ts
[0m[32mDownload[0m https://jsr.io/@std/yaml/1.2.0/_type/seq.ts
[0m[32mDownload[0m https://jsr.io/@std/yaml/1.2.0/_type/set.ts
[0m[32mDownload[0m https://jsr.io/@std/yaml/1.2.0/_type/str.ts
[0m[32mDownload[0m https://jsr.io/@std/yaml/1.2.0/_type/timestamp.ts
[0m[32mDownload[0m https://jsr.io/@std/yaml/1.2.0/_type/undefined.ts
[0m[32mDownload[0m https://jsr.io/@b-fuze/deno-dom/0.1.56/build/deno-wasm/deno-wasm.js
[0m[32mDownload[0m https://jsr.io/@b-fuze/deno-dom/0.1.56/src/deserialize.ts
[0m[32mDownload[0m https://jsr.io/@b-fuze/deno-dom/0.1.56/src/dom/node.ts
[0m[32mDownload[0m https://jsr.io/@b-fuze/deno-dom/0.1.56/src/dom/element.ts
[0m[32mDownload[0m https://jsr.io/@b-fuze/deno-dom/0.1.56/src/dom/document.ts
[0m[32mDownload[0m https://jsr.io/@b-fuze/deno-dom/0.1.56/src/dom/document-fragment.ts
[0m[32mDownload[0m https://jsr.io/@b-fuze/deno-dom/0.1.56/src/dom/dom-parser.ts
[0m[32mDownload[0m https://jsr.io/@b-fuze/deno-dom/0.1.56/src/dom/elements/html-template-element.ts
[0m[32mDownload[0m https://jsr.io/@b-fuze/deno-dom/0.1.56/src/dom/selectors/selectors.ts
[0m[32mDownload[0m https://jsr.io/@b-fuze/deno-dom/0.1.56/src/dom/node-list.ts
[0m[32mDownload[0m https://jsr.io/@b-fuze/deno-dom/0.1.56/src/dom/html-collection.ts
[0m[32mDownload[0m https://jsr.io/@astral/astral/0.5.6/bindings/celestial.ts
[0m[32mDownload[0m https://jsr.io/@astral/astral/0.5.6/src/debug.ts
[0m[32mDownload[0m https://jsr.io/@astral/astral/0.5.6/src/keyboard/layout.ts
[0m[32mDownload[0m https://jsr.io/@b-fuze/deno-dom/0.1.56/src/constructor-lock.ts
[0m[32mDownload[0m https://jsr.io/@b-fuze/deno-dom/0.1.56/src/dom/utils.ts
[0m[32mDownload[0m https://jsr.io/@b-fuze/deno-dom/0.1.56/src/dom/utils-types.ts
[0m[32mDownload[0m https://jsr.io/@b-fuze/deno-dom/0.1.56/src/dom/string-cache.ts
[0m[32mDownload[0m https://jsr.io/@b-fuze/deno-dom/0.1.56/src/dom/selectors/custom-api.ts
[0m[32mDownload[0m https://jsr.io/@b-fuze/deno-dom/0.1.56/src/dom/selectors/nwsapi-types.ts
[0m[32mDownload[0m https://jsr.io/@b-fuze/deno-dom/0.1.56/src/dom/selectors/sizzle-types.ts
[0m[32mDownload[0m https://jsr.io/@b-fuze/deno-dom/0.1.56/src/dom/selectors/nwsapi.js
[0m[32mDownload[0m https://jsr.io/@b-fuze/deno-dom/0.1.56/src/dom/selectors/sizzle.js
[0m[32mDownload[0m https://jsr.io/@std/fs/1.0.24/exists.ts
[0m[32mDownload[0m https://jsr.io/@std/media-types/1.1.0/content_type.ts
[0m[32mDownload[0m https://jsr.io/@std/streams/1.1.2/byte_slice_stream.ts
[0m[32mDownload[0m https://jsr.io/@std/cli/1.0.32/parse_args.ts
[0m[32mDownload[0m https://jsr.io/@std/fmt/1.0.10/bytes.ts
[0m[32mDownload[0m https://jsr.io/@std/net/1.0.6/unstable_get_network_address.ts
[0m[32mDownload[0m https://jsr.io/@std/html/1.0.7/entities.ts
[0m[32mDownload[0m https://jsr.io/@std/html/1.0.7/unstable_html.ts
[0m[32mDownload[0m https://jsr.io/@std/internal/1.0.14/os.ts
[0m[32mDownload[0m https://jsr.io/@denosaurs/plug/1.1.0/mod.ts
[0m[32mDownload[0m https://jsr.io/@std/encoding/1.0.11/base64.ts
[0m[32mDownload[0m https://jsr.io/@std/async/1.5.0/retry.ts
[0m[32mDownload[0m https://jsr.io/@std/async/1.5.0/deadline.ts
[0m[32mDownload[0m https://jsr.io/@std/fs/1.0.24/ensure_dir.ts
[0m[32mDownload[0m https://jsr.io/@zip-js/zip-js/2.14.1/index.js
[0m[32mDownload[0m https://jsr.io/@deno-library/progress/1.5.1/mod.ts
[0m[32mDownload[0m https://jsr.io/@std/media-types/1.1.0/parse_media_type.ts
[0m[32mDownload[0m https://jsr.io/@std/media-types/1.1.0/get_charset.ts
[0m[32mDownload[0m https://jsr.io/@std/media-types/1.1.0/format_media_type.ts
[0m[32mDownload[0m https://jsr.io/@std/media-types/1.1.0/_db.ts
[0m[32mDownload[0m https://jsr.io/@std/media-types/1.1.0/type_by_extension.ts
[0m[32mDownload[0m https://jsr.io/@std/internal/1.0.14/_os.ts
[0m[32mDownload[0m https://jsr.io/@denosaurs/plug/1.1.0/download.ts
[0m[32mDownload[0m https://jsr.io/@denosaurs/plug/1.1.0/types.ts
[0m[32mDownload[0m https://jsr.io/@std/encoding/1.0.11/_common64.ts
[0m[32mDownload[0m https://jsr.io/@std/encoding/1.0.11/_common_detach.ts
[0m[32mDownload[0m https://jsr.io/@std/encoding/1.0.11/_types.ts
[0m[32mDownload[0m https://jsr.io/@std/async/1.5.0/delay.ts
[0m[32mDownload[0m https://jsr.io/@std/async/1.5.0/_util.ts
[0m[32mDownload[0m https://jsr.io/@std/async/1.5.0/abortable.ts
[0m[32mDownload[0m https://jsr.io/@std/fs/1.0.24/_get_file_info_type.ts
[0m[32mDownload[0m https://jsr.io/@zip-js/zip-js/2.14.1/lib/zip-fs-wasm.js
[0m[32mDownload[0m https://jsr.io/@zip-js/zip-js/2.14.1/index.d.ts
[0m[32mDownload[0m https://jsr.io/@deno-library/progress/1.5.1/deps.ts
[0m[32mDownload[0m https://jsr.io/@deno-library/progress/1.5.1/time.ts
[0m[32mDownload[0m https://jsr.io/@deno-library/progress/1.5.1/multi.ts
[0m[32mDownload[0m https://jsr.io/@std/media-types/1.1.0/_util.ts
[0m[32mDownload[0m https://jsr.io/@std/media-types/1.1.0/vendor/db.ts
[0m[32mDownload[0m https://jsr.io/@denosaurs/plug/1.1.0/util.ts
[0m[32mDownload[0m https://jsr.io/@zip-js/zip-js/2.14.1/lib/core/configuration.js
[0m[32mDownload[0m https://jsr.io/@zip-js/zip-js/2.14.1/lib/core/web-worker-inline-wasm.js
[0m[32mDownload[0m https://jsr.io/@zip-js/zip-js/2.14.1/lib/zip-fs-core-wasm.js
[0m[32mDownload[0m https://jsr.io/@zip-js/zip-js/2.14.1/lib/core/util/mime-type.js
[0m[32mDownload[0m https://jsr.io/@zip-js/zip-js/2.14.1/lib/core/constants.js
[0m[32mDownload[0m https://jsr.io/@zip-js/zip-js/2.14.1/lib/core/options.js
[0m[32mDownload[0m https://jsr.io/@zip-js/zip-js/2.14.1/lib/zip-core-wasm.js
[0m[32mDownload[0m https://jsr.io/@zip-js/zip-js/2.14.1/lib/core/zip-fs.js
[0m[32mDownload[0m https://jsr.io/@zip-js/zip-js/2.14.1/lib/core/util/default-mime-type.js
[0m[32mDownload[0m https://jsr.io/@zip-js/zip-js/2.14.1/lib/core/util/mime-type-data.js
[0m[32mDownload[0m https://jsr.io/@zip-js/zip-js/2.14.1/lib/zip-core-base.js
[0m[32mDownload[0m https://jsr.io/@zip-js/zip-js/2.14.1/lib/zip-module-wasm.js
[0m[32mDownload[0m https://jsr.io/@zip-js/zip-js/2.14.1/lib/core/io.js
[0m[32mDownload[0m https://jsr.io/@zip-js/zip-js/2.14.1/lib/core/zip-reader.js
[0m[32mDownload[0m https://jsr.io/@zip-js/zip-js/2.14.1/lib/core/zip-writer.js
[0m[32mDownload[0m https://jsr.io/@zip-js/zip-js/2.14.1/lib/core/zip-entry.js
[0m[32mDownload[0m https://jsr.io/@zip-js/zip-js/2.14.1/lib/core/codec-worker.js
[0m[32mDownload[0m https://jsr.io/@zip-js/zip-js/2.14.1/lib/core/util/array.js
[0m[32mDownload[0m https://jsr.io/@zip-js/zip-js/2.14.1/lib/core/util/compatible-streams.js
[0m[32mDownload[0m https://jsr.io/@zip-js/zip-js/2.14.1/lib/core/util/error.js
[0m[32mDownload[0m https://jsr.io/@zip-js/zip-js/2.14.1/lib/zip-core-reader.js
[0m[32mDownload[0m https://jsr.io/@zip-js/zip-js/2.14.1/lib/zip-core-writer.js
[0m[32mDownload[0m https://jsr.io/@zip-js/zip-js/2.14.1/lib/core/codec-registry.js
[0m[32mDownload[0m https://jsr.io/@zip-js/zip-js/2.14.1/lib/core/compression-methods.js
[0m[32mDownload[0m https://jsr.io/@zip-js/zip-js/2.14.1/lib/core/version.js
[0m[32mDownload[0m https://jsr.io/@zip-js/zip-js/2.14.1/lib/core/util/opfs-temp-stream.js
[0m[32mDownload[0m https://jsr.io/@zip-js/zip-js/2.14.1/lib/core/util/blob-temp-stream.js
[0m[32mDownload[0m https://jsr.io/@zip-js/zip-js/2.14.1/lib/core/util/sync-access-handle-temp-stream.js
[0m[32mDownload[0m https://jsr.io/@zip-js/zip-js/2.14.1/lib/core/zlib-streams-inline.js
[0m[32mDownload[0m https://jsr.io/@zip-js/zip-js/2.14.1/lib/zip-module-wasm-base.js
[0m[32mDownload[0m https://jsr.io/@zip-js/zip-js/2.14.1/lib/core/util/decode-text.js
[0m[32mDownload[0m https://jsr.io/@zip-js/zip-js/2.14.1/lib/core/codec-pool.js
[0m[32mDownload[0m https://jsr.io/@zip-js/zip-js/2.14.1/lib/core/util/warnings.js
[0m[32mDownload[0m https://jsr.io/@zip-js/zip-js/2.14.1/lib/core/streams/codecs/crc32.js
[0m[32mDownload[0m https://jsr.io/@zip-js/zip-js/2.14.1/lib/core/util/encode-text.js
[0m[32mDownload[0m https://jsr.io/@zip-js/zip-js/2.14.1/lib/core/streams/codec-stream.js
[0m[32mDownload[0m https://jsr.io/@zip-js/zip-js/2.14.1/lib/core/codec-worker-web.js
[0m[32mDownload[0m https://jsr.io/@zip-js/zip-js/2.14.1/lib/core/streams/zip-entry-stream.js
[0m[32mDownload[0m https://jsr.io/@zip-js/zip-js/2.14.1/lib/core/streams/aes-crypto-stream.js
[0m[32mDownload[0m https://jsr.io/@zip-js/zip-js/2.14.1/lib/core/streams/zlib-wasm/zlib-streams-loader.js
[0m[32mDownload[0m https://jsr.io/@zip-js/zip-js/2.14.1/lib/core/util/decode-cp437.js
[0m[32mDownload[0m https://jsr.io/@zip-js/zip-js/2.14.1/lib/core/streams/crc32-stream.js
[0m[32mDownload[0m https://jsr.io/@zip-js/zip-js/2.14.1/lib/core/streams/zip-crypto-stream.js
[0m[32mDownload[0m https://jsr.io/@zip-js/zip-js/2.14.1/lib/core/streams/common-crypto.js
[0m[32mDownload[0m https://jsr.io/@zip-js/zip-js/2.14.1/lib/core/streams/codecs/aes-hmac-sha1.js
[0m[32mDownload[0m https://jsr.io/@zip-js/zip-js/2.14.1/lib/core/streams/zlib-wasm/zlib-streams.js
[0m[32mDownload[0m https://jsr.io/@zip-js/zip-js/2.14.1/lib/core/streams/zlib-wasm/aes-hmac-sha1-wasm.js
[0m[32mDownload[0m https://jsr.io/@std/fs/1.0.24/mod.ts
[0m[32mDownload[0m https://jsr.io/@std/fmt/1.0.10/colors.ts
[0m[32mDownload[0m https://jsr.io/@std/fmt/1.0.3/colors.ts
[0m[32mDownload[0m https://jsr.io/@std/io/0.225.0/write_all.ts
[0m[32mDownload[0m https://jsr.io/@std/encoding/1.0.11/hex.ts
[0m[32mDownload[0m https://jsr.io/@std/fs/1.0.24/empty_dir.ts
[0m[32mDownload[0m https://jsr.io/@std/fs/1.0.24/ensure_file.ts
[0m[32mDownload[0m https://jsr.io/@std/fs/1.0.24/ensure_link.ts
[0m[32mDownload[0m https://jsr.io/@std/fs/1.0.24/ensure_symlink.ts
[0m[32mDownload[0m https://jsr.io/@std/fs/1.0.24/expand_glob.ts
[0m[32mDownload[0m https://jsr.io/@std/fs/1.0.24/move.ts
[0m[32mDownload[0m https://jsr.io/@std/fs/1.0.24/copy.ts
[0m[32mDownload[0m https://jsr.io/@std/fs/1.0.24/walk.ts
[0m[32mDownload[0m https://jsr.io/@std/fs/1.0.24/eol.ts
[0m[32mDownload[0m https://jsr.io/@std/io/0.225.0/types.ts
[0m[32mDownload[0m https://jsr.io/@std/encoding/1.0.11/_common16.ts
[0m[32mDownload[0m https://jsr.io/@std/fs/1.0.24/_to_path_string.ts
[0m[32mDownload[0m https://jsr.io/@std/fs/1.0.24/_create_walk_entry.ts
[0m[32mDownload[0m https://jsr.io/@std/fs/1.0.24/_is_subdir.ts
[0m[32mDownload[0m https://jsr.io/@std/fs/1.0.24/_is_same_path.ts
[0m[32mDownload[0m https://jsr.io/@b-fuze/deno-dom/0.1.56/build/deno-wasm/deno-wasm_bg.wasm
[0m[32mDownload[0m https://jsr.io/@astral/astral/0.5.6/src/coverage.ts
[0m[32mDownload[0m https://jsr.io/@b-fuze/deno-dom/0.1.56/build/deno-wasm/deno-wasm_bg-wasm.js
[0m[32mDownload[0m https://jsr.io/@b-fuze/deno-dom/0.1.56/build/deno-wasm/env.js
[0m[32mDownload[0m https://jsr.io/@b-fuze/deno-dom/0.1.56/build/deno-wasm/wbg.js
[0m[32mDownload[0m https://jsr.io/@deno/cache-dir/0.22.2/mod.ts
[0m[32mDownload[0m https://jsr.io/@deno/cache-dir/0.22.2/cache.ts
[0m[32mDownload[0m https://jsr.io/@deno/cache-dir/0.22.2/deno_dir.ts
[0m[32mDownload[0m https://jsr.io/@deno/cache-dir/0.22.2/file_fetcher.ts
[0m[32mDownload[0m https://jsr.io/@deno/cache-dir/0.22.2/http_cache.ts
[0m[32mDownload[0m https://jsr.io/@deno/cache-dir/0.22.2/disk_cache.ts
[0m[32mDownload[0m https://jsr.io/@deno/cache-dir/0.22.2/util.ts
[0m[32mDownload[0m https://jsr.io/@deno/cache-dir/0.22.2/lib/deno_cache_dir.generated.js
[0m[32mDownload[0m https://jsr.io/@deno/cache-dir/0.22.2/auth_tokens.ts
[0m[32mDownload[0m https://jsr.io/@deno/cache-dir/0.22.2/lib/deno_cache_dir.generated.d.ts
[0m[32mDownload[0m https://jsr.io/@deno/graph/0.86.9/mod.ts
[0m[32mDownload[0m https://jsr.io/@deno/graph/0.86.9/types.ts
[0m[32mDownload[0m https://jsr.io/@std/io/0.225.0/mod.ts
[0m[32mDownload[0m https://jsr.io/@deno/graph/0.86.9/deno_graph_wasm.generated.js
[0m[32mDownload[0m https://jsr.io/@deno/graph/0.86.9/loader.ts
[0m[32mDownload[0m https://jsr.io/@deno/graph/0.86.9/media_type.ts
[0m[32mDownload[0m https://jsr.io/@std/io/0.225.0/buffer.ts
[0m[32mDownload[0m https://jsr.io/@std/io/0.225.0/copy.ts
[0m[32mDownload[0m https://jsr.io/@std/io/0.225.0/iterate_reader.ts
[0m[32mDownload[0m https://jsr.io/@std/io/0.225.0/read_all.ts
[0m[32mDownload[0m https://jsr.io/@std/io/0.225.0/reader_from_stream_reader.ts
[0m[32mDownload[0m https://jsr.io/@std/io/0.225.0/to_readable_stream.ts
[0m[32mDownload[0m https://jsr.io/@std/io/0.225.0/to_writable_stream.ts
[0m[32mDownload[0m https://jsr.io/@deno/graph/0.86.9/deno_graph_wasm.generated.d.ts
[0m[32mDownload[0m https://jsr.io/@std/io/0.225.0/_constants.ts
[0m[32mDownload[0m https://jsr.io/@std/io/0.225.0/_common.ts
[0m[32mDownload[0m https://jsr.io/@std/bytes/1.0.6/copy.ts
[0m[32mDownload[0m https://jsr.io/@std/bytes/1.0.6/concat.ts
[0m[32mDownload[0m https://jsr.io/@std/bytes/1.0.6/_types.ts
[0m[32mDownload[0m https://registry.npmjs.org/playwright/-/playwright-1.63.0.tgz
[0m[32mDownload[0m https://registry.npmjs.org/jimp/-/jimp-1.6.1.tgz
[0m[32mDownload[0m https://registry.npmjs.org/playwright-core/-/playwright-core-1.63.0.tgz
[0m[32mDownload[0m https://registry.npmjs.org/@jimp/js-bmp/-/js-bmp-1.6.1.tgz
[0m[32mDownload[0m https://registry.npmjs.org/@jimp/js-gif/-/js-gif-1.6.1.tgz
[0m[32mDownload[0m https://registry.npmjs.org/@jimp/plugin-circle/-/plugin-circle-1.6.1.tgz
[0m[32mDownload[0m https://registry.npmjs.org/@jimp/plugin-mask/-/plugin-mask-1.6.1.tgz
[0m[32mDownload[0m https://registry.npmjs.org/@jimp/plugin-quantize/-/plugin-quantize-1.6.1.tgz
[0m[32mDownload[0m https://registry.npmjs.org/@jimp/plugin-hash/-/plugin-hash-1.6.1.tgz
[0m[32mDownload[0m https://registry.npmjs.org/@jimp/plugin-threshold/-/plugin-threshold-1.6.1.tgz
[0m[32mDownload[0m https://registry.npmjs.org/@jimp/plugin-blit/-/plugin-blit-1.6.1.tgz
[0m[32mDownload[0m https://registry.npmjs.org/@jimp/js-png/-/js-png-1.6.1.tgz
[0m[32mDownload[0m https://registry.npmjs.org/@jimp/js-tiff/-/js-tiff-1.6.1.tgz
[0m[32mDownload[0m https://registry.npmjs.org/@jimp/plugin-contain/-/plugin-contain-1.6.1.tgz
[0m[32mDownload[0m https://registry.npmjs.org/@jimp/plugin-resize/-/plugin-resize-1.6.1.tgz
[0m[32mDownload[0m https://registry.npmjs.org/@jimp/types/-/types-1.6.1.tgz
[0m[32mDownload[0m https://registry.npmjs.org/@jimp/plugin-cover/-/plugin-cover-1.6.1.tgz
[0m[32mDownload[0m https://registry.npmjs.org/@jimp/core/-/core-1.6.1.tgz
[0m[32mDownload[0m https://registry.npmjs.org/@jimp/js-jpeg/-/js-jpeg-1.6.1.tgz
[0m[32mDownload[0m https://registry.npmjs.org/@jimp/plugin-dither/-/plugin-dither-1.6.1.tgz
[0m[32mDownload[0m https://registry.npmjs.org/@jimp/plugin-blur/-/plugin-blur-1.6.1.tgz
[0m[32mDownload[0m https://registry.npmjs.org/@jimp/plugin-crop/-/plugin-crop-1.6.1.tgz
[0m[32mDownload[0m https://registry.npmjs.org/@jimp/plugin-fisheye/-/plugin-fisheye-1.6.1.tgz
[0m[32mDownload[0m https://registry.npmjs.org/@jimp/utils/-/utils-1.6.1.tgz
[0m[32mDownload[0m https://registry.npmjs.org/@jimp/plugin-displace/-/plugin-displace-1.6.1.tgz
[0m[32mDownload[0m https://registry.npmjs.org/@jimp/plugin-color/-/plugin-color-1.6.1.tgz
[0m[32mDownload[0m https://registry.npmjs.org/@jimp/plugin-print/-/plugin-print-1.6.1.tgz
[0m[32mDownload[0m https://registry.npmjs.org/@jimp/plugin-rotate/-/plugin-rotate-1.6.1.tgz
[0m[32mDownload[0m https://registry.npmjs.org/@jimp/plugin-flip/-/plugin-flip-1.6.1.tgz
[0m[32mDownload[0m https://registry.npmjs.org/@jimp/diff/-/diff-1.6.1.tgz
[0m[32mDownload[0m https://registry.npmjs.org/bmp-ts/-/bmp-ts-1.0.9.tgz
[0m[32mDownload[0m https://registry.npmjs.org/gifwrap/-/gifwrap-0.10.1.tgz
[0m[32mDownload[0m https://registry.npmjs.org/omggif/-/omggif-1.0.10.tgz
[0m[32mDownload[0m https://registry.npmjs.org/zod/-/zod-3.25.76.tgz
[0m[32mDownload[0m https://registry.npmjs.org/image-q/-/image-q-4.0.0.tgz
[0m[32mDownload[0m https://registry.npmjs.org/any-base/-/any-base-1.1.0.tgz
[0m[32mDownload[0m https://registry.npmjs.org/pngjs/-/pngjs-7.0.0.tgz
[0m[32mDownload[0m https://registry.npmjs.org/utif2/-/utif2-4.1.0.tgz
[0m[32mDownload[0m https://registry.npmjs.org/@jimp/file-ops/-/file-ops-1.6.1.tgz
[0m[32mDownload[0m https://registry.npmjs.org/await-to-js/-/await-to-js-3.0.0.tgz
[0m[32mDownload[0m https://registry.npmjs.org/exif-parser/-/exif-parser-0.1.12.tgz
[0m[32mDownload[0m https://registry.npmjs.org/mime/-/mime-3.0.0.tgz
[0m[32mDownload[0m https://registry.npmjs.org/file-type/-/file-type-21.3.4.tgz
[0m[32mDownload[0m https://registry.npmjs.org/jpeg-js/-/jpeg-js-0.4.4.tgz
[0m[32mDownload[0m https://registry.npmjs.org/tinycolor2/-/tinycolor2-1.6.0.tgz
[0m[32mDownload[0m https://registry.npmjs.org/parse-bmfont-xml/-/parse-bmfont-xml-1.1.6.tgz
[0m[32mDownload[0m https://registry.npmjs.org/parse-bmfont-binary/-/parse-bmfont-binary-1.0.6.tgz
[0m[32mDownload[0m https://registry.npmjs.org/parse-bmfont-ascii/-/parse-bmfont-ascii-1.0.6.tgz
[0m[32mDownload[0m https://registry.npmjs.org/simple-xml-to-json/-/simple-xml-to-json-1.2.7.tgz
[0m[32mDownload[0m https://registry.npmjs.org/pixelmatch/-/pixelmatch-5.3.0.tgz
[0m[32mDownload[0m https://registry.npmjs.org/@types/node/-/node-16.9.1.tgz
[0m[32mDownload[0m https://registry.npmjs.org/pako/-/pako-1.0.11.tgz
[0m[32mDownload[0m https://registry.npmjs.org/@tokenizer/inflate/-/inflate-0.4.1.tgz
[0m[32mDownload[0m https://registry.npmjs.org/uint8array-extras/-/uint8array-extras-1.5.0.tgz
[0m[32mDownload[0m https://registry.npmjs.org/token-types/-/token-types-6.1.2.tgz
[0m[32mDownload[0m https://registry.npmjs.org/strtok3/-/strtok3-10.3.5.tgz
[0m[32mDownload[0m https://registry.npmjs.org/xml-parse-from-string/-/xml-parse-from-string-1.0.1.tgz
[0m[32mDownload[0m https://registry.npmjs.org/xml2js/-/xml2js-0.5.0.tgz
[0m[32mDownload[0m https://registry.npmjs.org/pngjs/-/pngjs-6.0.0.tgz
[0m[32mDownload[0m https://registry.npmjs.org/debug/-/debug-4.4.3.tgz
[0m[32mDownload[0m https://registry.npmjs.org/@borewit/text-codec/-/text-codec-0.2.2.tgz
[0m[32mDownload[0m https://registry.npmjs.org/@tokenizer/token/-/token-0.3.0.tgz
[0m[32mDownload[0m https://registry.npmjs.org/ieee754/-/ieee754-1.2.1.tgz
[0m[32mDownload[0m https://registry.npmjs.org/xmlbuilder/-/xmlbuilder-11.0.1.tgz
[0m[32mDownload[0m https://registry.npmjs.org/sax/-/sax-1.6.0.tgz
[0m[32mDownload[0m https://registry.npmjs.org/ms/-/ms-2.1.3.tgz
Updated 4 dependencies:
 - [0m[38;5;245mjsr:[0m@std/http  [0m[38;5;245m^1.0.0[0m -> [0m[32m^1.1.3[0m
 - [0m[38;5;245mjsr:[0m@std/path  [0m[38;5;245m^1.0.0[0m -> [0m[32m^1.1.6[0m
 - [0m[38;5;245mjsr:[0m@std/yaml  [0m[38;5;245m^1.0.0[0m -> [0m[32m^1.2.0[0m
 - [0m[38;5;245mnpm:[0mplaywright [0m[38;5;245m1.60.0[0m -> [0m[32m1.63.0[0m
